{"level":"info","message":"Hello from Acquisitions!","service":"acquisitions-api"}
{"level":"info","message":"::1 - - [10/Jan/2026:12:27:22 +0000] \"GET / HTTP/1.1\" 200 24 \"-\" \"Mozilla/5.0 (Windows NT 10.0; Win64; x64) AppleWebKit/537.36 (KHTML, like Gecko) Chrome/143.0.0.0 Safari/537.36\"","service":"acquisitions-api"}
{"level":"info","message":"::1 - - [10/Jan/2026:12:27:22 +0000] \"GET /favicon.ico HTTP/1.1\" 404 150 \"-\" \"Mozilla/5.0 (Windows NT 10.0; Win64; x64) AppleWebKit/537.36 (KHTML, like Gecko) Chrome/143.0.0.0 Safari/537.36\"","service":"acquisitions-api"}
{"level":"info","message":"Hello from Acquisitions!","service":"acquisitions-api"}
{"level":"info","message":"::1 - - [10/Jan/2026:17:02:24 +0000] \"GET / HTTP/1.1\" 200 24 \"-\" \"Mozilla/5.0 (Windows NT 10.0; Win64; x64) AppleWebKit/537.36 (KHTML, like Gecko) Chrome/143.0.0.0 Safari/537.36\"","service":"acquisitions-api"}
{"level":"info","message":"::1 - - [10/Jan/2026:17:02:24 +0000] \"GET /favicon.ico HTTP/1.1\" 404 150 \"-\" \"Mozilla/5.0 (Windows NT 10.0; Win64; x64) AppleWebKit/537.36 (KHTML, like Gecko) Chrome/143.0.0.0 Safari/537.36\"","service":"acquisitions-api"}
{"level":"info","message":"Hello from Acquisitions!","service":"acquisitions-api"}
{"level":"info","message":"::1 - - [10/Jan/2026:17:02:37 +0000] \"GET / HTTP/1.1\" 304 - \"-\" \"Mozilla/5.0 (Windows NT 10.0; Win64; x64) AppleWebKit/537.36 (KHTML, like Gecko) Chrome/143.0.0.0 Safari/537.36\"","service":"acquisitions-api"}
{"level":"info","message":"Hello from Acquisitions!","service":"acquisitions-api"}
{"level":"info","message":"::1 - - [10/Jan/2026:17:02:39 +0000] \"GET / HTTP/1.1\" 304 - \"-\" \"Mozilla/5.0 (Windows NT 10.0; Win64; x64) AppleWebKit/537.36 (KHTML, like Gecko) Chrome/143.0.0.0 Safari/537.36\"","service":"acquisitions-api"}
{"level":"info","message":"Hello from Acquisitions!","service":"acquisitions-api"}
{"level":"info","message":"::1 - - [10/Jan/2026:17:02:40 +0000] \"GET / HTTP/1.1\" 304 - \"-\" \"Mozilla/5.0 (Windows NT 10.0; Win64; x64) AppleWebKit/537.36 (KHTML, like Gecko) Chrome/143.0.0.0 Safari/537.36\"","service":"acquisitions-api"}
{"level":"info","message":"::1 - - [10/Jan/2026:17:02:48 +0000] \"GET /api HTTP/1.1\" 200 42 \"-\" \"Mozilla/5.0 (Windows NT 10.0; Win64; x64) AppleWebKit/537.36 (KHTML, like Gecko) Chrome/143.0.0.0 Safari/537.36\"","service":"acquisitions-api"}
{"level":"info","message":"::1 - - [10/Jan/2026:17:02:57 +0000] \"GET /health HTTP/1.1\" 200 74 \"-\" \"Mozilla/5.0 (Windows NT 10.0; Win64; x64) AppleWebKit/537.36 (KHTML, like Gecko) Chrome/143.0.0.0 Safari/537.36\"","service":"acquisitions-api"}
{"level":"info","message":"Hello from Acquisitions!","service":"acquisitions-api"}
{"level":"info","message":"::1 - - [10/Jan/2026:17:56:38 +0000] \"GET / HTTP/1.1\" 200 24 \"-\" \"HTTPie\"","service":"acquisitions-api"}
{"level":"info","message":"::1 - - [10/Jan/2026:17:56:56 +0000] \"GET /api HTTP/1.1\" 200 42 \"-\" \"HTTPie\"","service":"acquisitions-api"}
{"level":"info","message":"::1 - - [10/Jan/2026:17:57:04 +0000] \"GET /api/auth HTTP/1.1\" 404 147 \"-\" \"HTTPie\"","service":"acquisitions-api"}
{"level":"info","message":"::1 - - [10/Jan/2026:17:57:18 +0000] \"GET /api/auth/sign-up HTTP/1.1\" 404 155 \"-\" \"HTTPie\"","service":"acquisitions-api"}
{"level":"info","message":"::1 - - [10/Jan/2026:17:57:50 +0000] \"GET /api/auth/sign-in HTTP/1.1\" 404 155 \"-\" \"HTTPie\"","service":"acquisitions-api"}
{"level":"info","message":"::1 - - [10/Jan/2026:18:02:41 +0000] \"GET /api/auth/sign-up HTTP/1.1\" 404 155 \"-\" \"HTTPie\"","service":"acquisitions-api"}
{"level":"info","message":"::1 - - [10/Jan/2026:18:03:33 +0000] \"GET /api/health HTTP/1.1\" 404 149 \"-\" \"HTTPie\"","service":"acquisitions-api"}
{"level":"info","message":"::1 - - [10/Jan/2026:18:03:35 +0000] \"GET /api/health HTTP/1.1\" 404 149 \"-\" \"HTTPie\"","service":"acquisitions-api"}
{"level":"info","message":"::1 - - [10/Jan/2026:18:03:41 +0000] \"GET /health HTTP/1.1\" 200 74 \"-\" \"HTTPie\"","service":"acquisitions-api"}
{"level":"info","message":"::1 - - [10/Jan/2026:18:04:57 +0000] \"POST /api/auth/sign-up HTTP/1.1\" 200 31 \"-\" \"HTTPie\"","service":"acquisitions-api"}
{"level":"info","message":"::1 - - [10/Jan/2026:18:08:14 +0000] \"POST /api/auth/sign-up HTTP/1.1\" 500 1144 \"-\" \"HTTPie\"","service":"acquisitions-api"}
{"level":"error","message":"Signup error res is not defined","service":"acquisitions-api","stack":"ReferenceError: res is not defined\n    at signup (file:///D:/MyProjects/acquisitions/src/controllers/auth.controller.js:10:13)\n    at Layer.handleRequest (D:\\MyProjects\\acquisitions\\node_modules\\router\\lib\\layer.js:152:17)\n    at next (D:\\MyProjects\\acquisitions\\node_modules\\router\\lib\\route.js:157:13)\n    at Route.dispatch (D:\\MyProjects\\acquisitions\\node_modules\\router\\lib\\route.js:117:3)\n    at handle (D:\\MyProjects\\acquisitions\\node_modules\\router\\index.js:435:11)\n    at Layer.handleRequest (D:\\MyProjects\\acquisitions\\node_modules\\router\\lib\\layer.js:152:17)\n    at D:\\MyProjects\\acquisitions\\node_modules\\router\\index.js:295:15\n    at processParams (D:\\MyProjects\\acquisitions\\node_modules\\router\\index.js:582:12)\n    at next (D:\\MyProjects\\acquisitions\\node_modules\\router\\index.js:291:5)\n    at router.handle (D:\\MyProjects\\acquisitions\\node_modules\\router\\index.js:186:3)"}
{"level":"info","message":"::1 - - [10/Jan/2026:18:14:07 +0000] \"POST /api/auth/sign-up HTTP/1.1\" 500 1142 \"-\" \"HTTPie\"","service":"acquisitions-api"}
{"level":"error","message":"Signup error res is not defined","service":"acquisitions-api","stack":"ReferenceError: res is not defined\n    at signup (file:///D:/MyProjects/acquisitions/src/controllers/auth.controller.js:10:13)\n    at Layer.handleRequest (D:\\MyProjects\\acquisitions\\node_modules\\router\\lib\\layer.js:152:17)\n    at next (D:\\MyProjects\\acquisitions\\node_modules\\router\\lib\\route.js:157:13)\n    at Route.dispatch (D:\\MyProjects\\acquisitions\\node_modules\\router\\lib\\route.js:117:3)\n    at handle (D:\\MyProjects\\acquisitions\\node_modules\\router\\index.js:435:11)\n    at Layer.handleRequest (D:\\MyProjects\\acquisitions\\node_modules\\router\\lib\\layer.js:152:17)\n    at D:\\MyProjects\\acquisitions\\node_modules\\router\\index.js:295:15\n    at processParams (D:\\MyProjects\\acquisitions\\node_modules\\router\\index.js:582:12)\n    at next (D:\\MyProjects\\acquisitions\\node_modules\\router\\index.js:291:5)\n    at router.handle (D:\\MyProjects\\acquisitions\\node_modules\\router\\index.js:186:3)"}
{"level":"info","message":"::1 - - [10/Jan/2026:18:14:13 +0000] \"POST /api/auth/sign-up HTTP/1.1\" 500 1142 \"-\" \"HTTPie\"","service":"acquisitions-api"}
{"level":"error","message":"Signup error res is not defined","service":"acquisitions-api","stack":"ReferenceError: res is not defined\n    at signup (file:///D:/MyProjects/acquisitions/src/controllers/auth.controller.js:10:13)\n    at Layer.handleRequest (D:\\MyProjects\\acquisitions\\node_modules\\router\\lib\\layer.js:152:17)\n    at next (D:\\MyProjects\\acquisitions\\node_modules\\router\\lib\\route.js:157:13)\n    at Route.dispatch (D:\\MyProjects\\acquisitions\\node_modules\\router\\lib\\route.js:117:3)\n    at handle (D:\\MyProjects\\acquisitions\\node_modules\\router\\index.js:435:11)\n    at Layer.handleRequest (D:\\MyProjects\\acquisitions\\node_modules\\router\\lib\\layer.js:152:17)\n    at D:\\MyProjects\\acquisitions\\node_modules\\router\\index.js:295:15\n    at processParams (D:\\MyProjects\\acquisitions\\node_modules\\router\\index.js:582:12)\n    at next (D:\\MyProjects\\acquisitions\\node_modules\\router\\index.js:291:5)\n    at router.handle (D:\\MyProjects\\acquisitions\\node_modules\\router\\index.js:186:3)"}
{"level":"info","message":"::1 - - [10/Jan/2026:18:14:31 +0000] \"POST /api/auth/sign-up HTTP/1.1\" 500 1142 \"-\" \"HTTPie\"","service":"acquisitions-api"}
{"level":"info","message":"::1 - - [10/Jan/2026:18:18:55 +0000] \"POST /api/auth/sign-up HTTP/1.1\" 400 91 \"-\" \"HTTPie\"","service":"acquisitions-api"}
{"level":"info","message":"::1 - - [10/Jan/2026:18:59:22 +0000] \"POST /api/auth/sign-up HTTP/1.1\" 400 91 \"-\" \"HTTPie\"","service":"acquisitions-api"}
{"level":"info","message":"::1 - - [11/Jan/2026:10:29:16 +0000] \"POST /api/auth/sign-up HTTP/1.1\" 400 91 \"-\" \"HTTPie\"","service":"acquisitions-api"}
{"level":"info","message":"::1 - - [11/Jan/2026:10:29:56 +0000] \"POST /api/auth/sign-up HTTP/1.1\" 400 142 \"-\" \"HTTPie\"","service":"acquisitions-api"}
{"level":"info","message":"::1 - - [11/Jan/2026:10:30:40 +0000] \"POST /api/auth/sign-up HTTP/1.1\" 400 90 \"-\" \"HTTPie\"","service":"acquisitions-api"}
{"level":"info","message":"User registered successfully: contact@jsmastery.com","service":"acquisitions-api"}
{"level":"info","message":"::1 - - [11/Jan/2026:10:30:53 +0000] \"POST /api/auth/sign-up HTTP/1.1\" 201 118 \"-\" \"HTTPie\"","service":"acquisitions-api"}
{"level":"error","message":"Error creating user: ReferenceError: exisitingUser is not defined","service":"acquisitions-api"}
{"level":"error","message":"Signup error exisitingUser is not defined","service":"acquisitions-api","stack":"ReferenceError: exisitingUser is not defined\n    at createUser (file:///D:/MyProjects/acquisitions/src/services/auth.service.js:20:9)\n    at signup (file:///D:/MyProjects/acquisitions/src/controllers/auth.controller.js:19:28)\n    at Layer.handleRequest (D:\\MyProjects\\acquisitions\\node_modules\\router\\lib\\layer.js:152:17)\n    at next (D:\\MyProjects\\acquisitions\\node_modules\\router\\lib\\route.js:157:13)\n    at Route.dispatch (D:\\MyProjects\\acquisitions\\node_modules\\router\\lib\\route.js:117:3)\n    at handle (D:\\MyProjects\\acquisitions\\node_modules\\router\\index.js:435:11)\n    at Layer.handleRequest (D:\\MyProjects\\acquisitions\\node_modules\\router\\lib\\layer.js:152:17)\n    at D:\\MyProjects\\acquisitions\\node_modules\\router\\index.js:295:15\n    at processParams (D:\\MyProjects\\acquisitions\\node_modules\\router\\index.js:582:12)\n    at next (D:\\MyProjects\\acquisitions\\node_modules\\router\\index.js:291:5)"}
{"level":"info","message":"::1 - - [11/Jan/2026:11:04:57 +0000] \"POST /api/auth/sign-up HTTP/1.1\" 500 1156 \"-\" \"HTTPie\"","service":"acquisitions-api"}
{"level":"error","message":"Error creating user: ReferenceError: exisitingUser is not defined","service":"acquisitions-api"}
{"level":"error","message":"Signup error exisitingUser is not defined","service":"acquisitions-api","stack":"ReferenceError: exisitingUser is not defined\n    at createUser (file:///D:/MyProjects/acquisitions/src/services/auth.service.js:20:9)\n    at signup (file:///D:/MyProjects/acquisitions/src/controllers/auth.controller.js:19:28)\n    at Layer.handleRequest (D:\\MyProjects\\acquisitions\\node_modules\\router\\lib\\layer.js:152:17)\n    at next (D:\\MyProjects\\acquisitions\\node_modules\\router\\lib\\route.js:157:13)\n    at Route.dispatch (D:\\MyProjects\\acquisitions\\node_modules\\router\\lib\\route.js:117:3)\n    at handle (D:\\MyProjects\\acquisitions\\node_modules\\router\\index.js:435:11)\n    at Layer.handleRequest (D:\\MyProjects\\acquisitions\\node_modules\\router\\lib\\layer.js:152:17)\n    at D:\\MyProjects\\acquisitions\\node_modules\\router\\index.js:295:15\n    at processParams (D:\\MyProjects\\acquisitions\\node_modules\\router\\index.js:582:12)\n    at next (D:\\MyProjects\\acquisitions\\node_modules\\router\\index.js:291:5)"}
{"level":"info","message":"::1 - - [11/Jan/2026:11:05:12 +0000] \"POST /api/auth/sign-up HTTP/1.1\" 500 1156 \"-\" \"HTTPie\"","service":"acquisitions-api"}
{"level":"error","message":"Error creating user: ReferenceError: exisitingUser is not defined","service":"acquisitions-api"}
{"level":"error","message":"Signup error exisitingUser is not defined","service":"acquisitions-api","stack":"ReferenceError: exisitingUser is not defined\n    at createUser (file:///D:/MyProjects/acquisitions/src/services/auth.service.js:20:9)\n    at signup (file:///D:/MyProjects/acquisitions/src/controllers/auth.controller.js:19:28)\n    at Layer.handleRequest (D:\\MyProjects\\acquisitions\\node_modules\\router\\lib\\layer.js:152:17)\n    at next (D:\\MyProjects\\acquisitions\\node_modules\\router\\lib\\route.js:157:13)\n    at Route.dispatch (D:\\MyProjects\\acquisitions\\node_modules\\router\\lib\\route.js:117:3)\n    at handle (D:\\MyProjects\\acquisitions\\node_modules\\router\\index.js:435:11)\n    at Layer.handleRequest (D:\\MyProjects\\acquisitions\\node_modules\\router\\lib\\layer.js:152:17)\n    at D:\\MyProjects\\acquisitions\\node_modules\\router\\index.js:295:15\n    at processParams (D:\\MyProjects\\acquisitions\\node_modules\\router\\index.js:582:12)\n    at next (D:\\MyProjects\\acquisitions\\node_modules\\router\\index.js:291:5)"}
{"level":"info","message":"::1 - - [11/Jan/2026:11:05:36 +0000] \"POST /api/auth/sign-up HTTP/1.1\" 500 1156 \"-\" \"HTTPie\"","service":"acquisitions-api"}
{"level":"error","message":"Error creating user: Error: Failed query: insert into \"users\" (\"id\", \"name\", \"email\", \"password\", \"role\", \"created_at\", \"updated_at\") values (default, $1, $2, default, $3, default, default) returning \"id\", \"name\", \"email\", \"role\", \"created_at\"\nparams: user,contact@jsmastery.com,user","service":"acquisitions-api"}
{"cause":{"code":"23502","column":"password","detail":"Failing row contains (1, user, contact@jsmastery.com, null, user, 2026-01-11 11:07:43.75088, 2026-01-11 11:07:43.75088).","file":"execMain.c","line":"2032","name":"NeonDbError","routine":"ExecConstraints","schema":"public","severity":"ERROR","table":"users"},"level":"error","message":"Signup error Failed query: insert into \"users\" (\"id\", \"name\", \"email\", \"password\", \"role\", \"created_at\", \"updated_at\") values (default, $1, $2, default, $3, default, default) returning \"id\", \"name\", \"email\", \"role\", \"created_at\"\nparams: user,contact@jsmastery.com,user","params":["user","contact@jsmastery.com","user"],"query":"insert into \"users\" (\"id\", \"name\", \"email\", \"password\", \"role\", \"created_at\", \"updated_at\") values (default, $1, $2, default, $3, default, default) returning \"id\", \"name\", \"email\", \"role\", \"created_at\"","service":"acquisitions-api","stack":"Error: Failed query: insert into \"users\" (\"id\", \"name\", \"email\", \"password\", \"role\", \"created_at\", \"updated_at\") values (default, $1, $2, default, $3, default, default) returning \"id\", \"name\", \"email\", \"role\", \"created_at\"\nparams: user,contact@jsmastery.com,user\n    at NeonHttpPreparedQuery.queryWithCache (file:///D:/MyProjects/acquisitions/node_modules/drizzle-orm/pg-core/session.js:41:15)\n    at process.processTicksAndRejections (node:internal/process/task_queues:103:5)\n    at async NeonHttpPreparedQuery.execute (file:///D:/MyProjects/acquisitions/node_modules/drizzle-orm/neon-http/session.js:45:20)\n    at async createUser (file:///D:/MyProjects/acquisitions/src/services/auth.service.js:24:27)\n    at async signup (file:///D:/MyProjects/acquisitions/src/controllers/auth.controller.js:19:22)"}
{"level":"info","message":"::1 - - [11/Jan/2026:11:07:42 +0000] \"POST /api/auth/sign-up HTTP/1.1\" 500 1127 \"-\" \"HTTPie\"","service":"acquisitions-api"}
{"level":"error","message":"Error creating user: Error: Failed query: insert into \"users\" (\"id\", \"name\", \"email\", \"password\", \"role\", \"created_at\", \"updated_at\") values (default, $1, $2, default, $3, default, default) returning \"id\", \"name\", \"email\", \"role\", \"created_at\"\nparams: admin,contact@jsmastery.com,user","service":"acquisitions-api"}
{"cause":{"code":"23502","column":"password","detail":"Failing row contains (2, admin, contact@jsmastery.com, null, user, 2026-01-11 11:07:57.41104, 2026-01-11 11:07:57.41104).","file":"execMain.c","line":"2032","name":"NeonDbError","routine":"ExecConstraints","schema":"public","severity":"ERROR","table":"users"},"level":"error","message":"Signup error Failed query: insert into \"users\" (\"id\", \"name\", \"email\", \"password\", \"role\", \"created_at\", \"updated_at\") values (default, $1, $2, default, $3, default, default) returning \"id\", \"name\", \"email\", \"role\", \"created_at\"\nparams: admin,contact@jsmastery.com,user","params":["admin","contact@jsmastery.com","user"],"query":"insert into \"users\" (\"id\", \"name\", \"email\", \"password\", \"role\", \"created_at\", \"updated_at\") values (default, $1, $2, default, $3, default, default) returning \"id\", \"name\", \"email\", \"role\", \"created_at\"","service":"acquisitions-api","stack":"Error: Failed query: insert into \"users\" (\"id\", \"name\", \"email\", \"password\", \"role\", \"created_at\", \"updated_at\") values (default, $1, $2, default, $3, default, default) returning \"id\", \"name\", \"email\", \"role\", \"created_at\"\nparams: admin,contact@jsmastery.com,user\n    at NeonHttpPreparedQuery.queryWithCache (file:///D:/MyProjects/acquisitions/node_modules/drizzle-orm/pg-core/session.js:41:15)\n    at process.processTicksAndRejections (node:internal/process/task_queues:103:5)\n    at async NeonHttpPreparedQuery.execute (file:///D:/MyProjects/acquisitions/node_modules/drizzle-orm/neon-http/session.js:45:20)\n    at async createUser (file:///D:/MyProjects/acquisitions/src/services/auth.service.js:24:27)\n    at async signup (file:///D:/MyProjects/acquisitions/src/controllers/auth.controller.js:19:22)"}
{"level":"info","message":"::1 - - [11/Jan/2026:11:07:56 +0000] \"POST /api/auth/sign-up HTTP/1.1\" 500 1128 \"-\" \"HTTPie\"","service":"acquisitions-api"}
{"level":"info","message":"User contact@jsmastery.com created successfully","service":"acquisitions-api"}
{"level":"error","message":"Signup error jwttoken is not defined","service":"acquisitions-api","stack":"ReferenceError: jwttoken is not defined\n    at signup (file:///D:/MyProjects/acquisitions/src/controllers/auth.controller.js:21:23)\n    at process.processTicksAndRejections (node:internal/process/task_queues:103:5)"}
{"level":"info","message":"::1 - - [11/Jan/2026:11:13:12 +0000] \"POST /api/auth/sign-up HTTP/1.1\" 500 367 \"-\" \"HTTPie\"","service":"acquisitions-api"}
{"level":"error","message":"Error creating user: Error: User already exists","service":"acquisitions-api"}
{"level":"error","message":"Signup error User already exists","service":"acquisitions-api","stack":"Error: User already exists\n    at createUser (file:///D:/MyProjects/acquisitions/src/services/auth.service.js:24:43)\n    at process.processTicksAndRejections (node:internal/process/task_queues:103:5)\n    at async signup (file:///D:/MyProjects/acquisitions/src/controllers/auth.controller.js:21:22)"}
{"level":"info","message":"::1 - - [11/Jan/2026:11:24:00 +0000] \"POST /api/auth/sign-up HTTP/1.1\" 409 32 \"-\" \"HTTPie\"","service":"acquisitions-api"}
{"level":"info","message":"User kain@gmail.com created successfully","service":"acquisitions-api"}
{"level":"info","message":"User registered successfully: kain@gmail.com","service":"acquisitions-api"}
{"level":"info","message":"::1 - - [11/Jan/2026:11:24:29 +0000] \"POST /api/auth/sign-up HTTP/1.1\" 201 112 \"-\" \"HTTPie\"","service":"acquisitions-api"}
{"level":"info","message":"User kain222@gmail.com created successfully","service":"acquisitions-api"}
{"level":"info","message":"User registered successfully: kain222@gmail.com","service":"acquisitions-api"}
{"level":"info","message":"::1 - - [11/Jan/2026:11:24:49 +0000] \"POST /api/auth/sign-up HTTP/1.1\" 201 118 \"-\" \"HTTPie\"","service":"acquisitions-api"}
{"level":"error","message":"Signin error Invalid credentials","service":"acquisitions-api","stack":"Error: Invalid credentials\n    at authenticateUser (file:///D:/MyProjects/acquisitions/src/services/auth.service.js:59:19)\n    at process.processTicksAndRejections (node:internal/process/task_queues:103:5)\n    at async signin (file:///D:/MyProjects/acquisitions/src/controllers/auth.controller.js:57:22)"}
{"level":"info","message":"::1 - - [22/Jan/2026:20:04:59 +0000] \"POST /api/auth/sign-in HTTP/1.1\" 401 37 \"-\" \"HTTPie\"","service":"acquisitions-api"}
{"level":"info","message":"::1 - - [22/Jan/2026:20:05:58 +0000] \"POST /api/auth/sign-out HTTP/1.1\" 200 42 \"-\" \"HTTPie\"","service":"acquisitions-api"}
{"level":"info","message":"::1 - - [23/Jan/2026:10:22:21 +0000] \"POST /health HTTP/1.1\" 404 146 \"-\" \"HTTPie\"","service":"acquisitions-api"}
{"level":"info","message":"::1 - - [23/Jan/2026:10:22:27 +0000] \"GET /health HTTP/1.1\" 200 73 \"-\" \"HTTPie\"","service":"acquisitions-api"}
{"level":"info","message":"::1 - - [23/Jan/2026:10:22:39 +0000] \"GET /health HTTP/1.1\" 200 73 \"-\" \"HTTPie\"","service":"acquisitions-api"}
{"level":"info","message":"::1 - - [23/Jan/2026:10:22:40 +0000] \"GET /health HTTP/1.1\" 200 74 \"-\" \"HTTPie\"","service":"acquisitions-api"}
{"level":"info","message":"::1 - - [23/Jan/2026:10:22:41 +0000] \"GET /health HTTP/1.1\" 200 74 \"-\" \"HTTPie\"","service":"acquisitions-api"}
{"ip":"::1","level":"warn","limit":5,"message":"Rate limit exceeded","path":"/health","role":"guest","service":"acquisitions-api","userAgent":"HTTPie"}
{"level":"info","message":"::1 - - [23/Jan/2026:10:22:41 +0000] \"GET /health HTTP/1.1\" 429 96 \"-\" \"HTTPie\"","service":"acquisitions-api"}
{"ip":"::1","level":"warn","limit":5,"message":"Rate limit exceeded","path":"/health","role":"guest","service":"acquisitions-api","userAgent":"HTTPie"}
{"level":"info","message":"::1 - - [23/Jan/2026:10:22:42 +0000] \"GET /health HTTP/1.1\" 429 96 \"-\" \"HTTPie\"","service":"acquisitions-api"}
